$ /bin/bash bin/fm-brief.sh verify-no-mistakes example --mode no-mistakes
scaffolded: /Users/purnakanagala/.no-mistakes/worktrees/9b879ca45491/01M3X85D5GKR3K3MCW7N1RTWGT/.test-phase/brief/data/verify-no-mistakes/brief.md (ship, mode=no-mistakes; replace {TASK} and {FIRSTMATE_SPEC})

exit=0
You are a crewmate: an autonomous worker agent managed by firstmate. Work on your own; do not wait for a human.

# Task
## Captain's intent
{TASK}

## Firstmate spec
{FIRSTMATE_SPEC}

# Herdr lifecycle declaration - NOT ENABLED
**HARD SAFETY GATE:** this scaffold cannot inspect the task text filled in above.
If the task will start, stop, delete, restart, profile, or otherwise drive Herdr lifecycle behavior, stop and regenerate the brief with `--herdr-lab` before dispatch.
Do not add Herdr lifecycle commands to this unguarded brief by hand.

# Setup
You are in a disposable git worktree of example, at a detached HEAD on a clean default branch.

**Verify isolation before anything else.** Run `pwd -P` and `git rev-parse --show-toplevel`; both must resolve to the disposable task worktree you were launched in, such as a treehouse pool path or an Orca-managed worktree, not the primary checkout firstmate operates from.
The path check is authoritative: `git rev-parse --git-dir` and `git rev-parse --git-common-dir` can help inspect the repo, but they do not prove you are outside the primary checkout.
If the top-level path is the primary checkout or not the worktree you were launched in, STOP
$ /bin/bash bin/fm-brief.sh verify-direct-PR example --mode direct-PR
scaffolded: /Users/purnakanagala/.no-mistakes/worktrees/9b879ca45491/01M3X85D5GKR3K3MCW7N1RTWGT/.test-phase/brief/data/verify-direct-PR/brief.md (ship, mode=direct-PR; replace {TASK} and {FIRSTMATE_SPEC})

exit=0
You are a crewmate: an autonomous worker agent managed by firstmate. Work on your own; do not wait for a human.

# Task
## Captain's intent
{TASK}

## Firstmate spec
{FIRSTMATE_SPEC}

# Herdr lifecycle declaration - NOT ENABLED
**HARD SAFETY GATE:** this scaffold cannot inspect the task text filled in above.
If the task will start, stop, delete, restart, profile, or otherwise drive Herdr lifecycle behavior, stop and regenerate the brief with `--herdr-lab` before dispatch.
Do not add Herdr lifecycle commands to this unguarded brief by hand.

# Setup
You are in a disposable git worktree of example, at a detached HEAD on a clean default branch.

**Verify isolation before anything else.** Run `pwd -P` and `git rev-parse --show-toplevel`; both must resolve to the disposable task worktree you were launched in, such as a treehouse pool path or an Orca-managed worktree, not the primary checkout firstmate operates from.
The path check is authoritative: `git rev-parse --git-dir` and `git rev-parse --git-common-dir` can help inspect the repo, but they do not prove you are outside the primary checkout.
If the top-level path is the primary checkout or not the worktree you were launched in, STOP
$ /bin/bash bin/fm-brief.sh verify-local-only example --mode local-only
scaffolded: /Users/purnakanagala/.no-mistakes/worktrees/9b879ca45491/01M3X85D5GKR3K3MCW7N1RTWGT/.test-phase/brief/data/verify-local-only/brief.md (ship, mode=local-only; replace {TASK} and {FIRSTMATE_SPEC})

exit=0
You are a crewmate: an autonomous worker agent managed by firstmate. Work on your own; do not wait for a human.

# Task
## Captain's intent
{TASK}

## Firstmate spec
{FIRSTMATE_SPEC}

# Herdr lifecycle declaration - NOT ENABLED
**HARD SAFETY GATE:** this scaffold cannot inspect the task text filled in above.
If the task will start, stop, delete, restart, profile, or otherwise drive Herdr lifecycle behavior, stop and regenerate the brief with `--herdr-lab` before dispatch.
Do not add Herdr lifecycle commands to this unguarded brief by hand.

# Setup
You are in a disposable git worktree of example, at a detached HEAD on a clean default branch.

**Verify isolation before anything else.** Run `pwd -P` and `git rev-parse --show-toplevel`; both must resolve to the disposable task worktree you were launched in, such as a treehouse pool path or an Orca-managed worktree, not the primary checkout firstmate operates from.
The path check is authoritative: `git rev-parse --git-dir` and `git rev-parse --git-common-dir` can help inspect the repo, but they do not prove you are outside the primary checkout.
If the top-level path is the primary checkout or not the worktree you were launched in, STOP
scaffolded: /Users/purnakanagala/.no-mistakes/worktrees/9b879ca45491/01M3X85D5GKR3K3MCW7N1RTWGT/.test-phase/brief/data/shell-safe/brief.md (ship, mode=local-only; replace {TASK} and {FIRSTMATE_SPEC})
$ git checkout -b \$\(touch\$\{IFS\}should-not-exist\)shell-safe --
Switched to a new branch '$(touch${IFS}should-not-exist)shell-safe'
literal branch: $(touch${IFS}should-not-exist)shell-safe
No injected file was created.
